// Jest Snapshot v1, https://goo.gl/fbAQLP

exports[`PreviewControlBar renders control bar 1`] = `
<div
  className="PreviewControlBar"
>
  <div
    className="PreviewDeviceToggle"
  >
    <UnstyledLink
      className="PreviewDeviceButton active"
      data-id="button-desktop-preview"
      id="preview-content-desktop-button"
      onClick={[Function]}
      role="button"
      to="javascript:void(0);"
    >
      <DesktopWindows
        size={24}
      />
      <ScreenReaderOnly>
        Desktop Preview
      </ScreenReaderOnly>
    </UnstyledLink>
    <UnstyledLink
      className="PreviewDeviceButton"
      data-id="button-mobile-preview"
      id="preview-content-mobile-button"
      onClick={[Function]}
      role="button"
      to="javascript:void(0);"
    >
      <PhoneAndroid
        size={24}
      />
      <ScreenReaderOnly>
        Mobile Preview
      </ScreenReaderOnly>
    </UnstyledLink>
  </div>
  <div>
    <SendTestEmailButton />
  </div>
</div>
`;
