// Jest Snapshot v1, https://goo.gl/fbAQLP

exports[`CreateForm renders correctly 1`] = `
<Grid>
  <Grid.Column
    lg={7}
    xs={12}
  >
    <Field
      component={[Function]}
      label="Template Name"
      name="name"
      onChange={[Function]}
      validate={[Function]}
    />
    <Field
      component={[Function]}
      helpText="A Unique ID for your template, we'll fill this in for you."
      label="Template ID"
      name="id"
      validate={
        Array [
          [Function],
          [Function],
        ]
      }
    />
    <Field
      component={[Function]}
      label="Subject"
      name="content.subject"
      validate={[Function]}
    />
    <Field
      component={[Function]}
      domains={Array []}
      helpText="You do not have any verified sending domains to use."
      label="From Email"
      name="content.from.email"
      placeholder="example@email.com"
      validate={
        Array [
          [Function],
          [Function],
        ]
      }
    />
  </Grid.Column>
  <Grid.Column
    lg={5}
    xs={12}
  />
</Grid>
`;
