// Jest Snapshot v1, https://goo.gl/fbAQLP

exports[`Update account: contact info 1`] = `
Array [
  Array [
    Object {
      "data": undefined,
      "headers": Object {
        "Authorization": "mock-access-token",
      },
      "method": "get",
      "params": Object {},
      "responseType": "json",
      "url": "/v1/account",
    },
  ],
  Array [
    Object {
      "data": undefined,
      "headers": Object {
        "Authorization": "mock-access-token",
      },
      "method": "get",
      "params": undefined,
      "responseType": "json",
      "url": "/v1/account/billing",
    },
  ],
  Array [
    Object {
      "data": undefined,
      "headers": Object {
        "Authorization": "mock-access-token",
      },
      "method": "get",
      "params": undefined,
      "responseType": "json",
      "url": "/v1/account/plans",
    },
  ],
  Array [
    Object {
      "data": undefined,
      "headers": Object {
        "Authorization": "mock-access-token",
      },
      "method": "get",
      "params": undefined,
      "responseType": "json",
      "url": "/v1/sending-ips",
    },
  ],
  Array [
    Object {
      "data": undefined,
      "headers": Object {
        "Authorization": "mock-access-token",
      },
      "method": "get",
      "params": undefined,
      "responseType": "json",
      "url": "/v1/account/invoices",
    },
  ],
  Array [
    Object {
      "data": undefined,
      "headers": Object {
        "Authorization": "mock-access-token",
      },
      "method": "get",
      "params": Object {
        "filter": "billing",
      },
      "responseType": "json",
      "url": "/v1/account/countries",
    },
  ],
  Array [
    Object {
      "data": Object {
        "country_code": "US",
        "email": "something@email.test",
        "first_name": "Firsty",
        "last_name": "Lasty",
        "state": "MD",
        "zip_code": "12345",
      },
      "headers": Object {
        "Authorization": "mock-access-token",
      },
      "method": "put",
      "params": undefined,
      "responseType": "json",
      "url": "/v1/account/billing",
    },
  ],
  Array [
    Object {
      "data": undefined,
      "headers": Object {
        "Authorization": "mock-access-token",
      },
      "method": "get",
      "params": Object {
        "include": "usage",
      },
      "responseType": "json",
      "url": "/v1/account",
    },
  ],
  Array [
    Object {
      "data": undefined,
      "headers": Object {
        "Authorization": "mock-access-token",
      },
      "method": "get",
      "params": undefined,
      "responseType": "json",
      "url": "/v1/account/billing",
    },
  ],
]
`;
