// Jest Snapshot v1, https://goo.gl/fbAQLP

exports[`Alerts Selectors gets formatEditValues 1`] = `
Object {
  "alert_metric": "signals_health_threshold",
  "alert_subaccount": 123,
  "assignTo": "subaccount",
  "criteria_metric": "threshold",
  "email_addresses": Array [
    "test@test1.com",
    "test@test2.com",
  ],
  "enabled": true,
  "facet_name": "sending_domain",
  "facet_value": "foo.com",
  "id": 123,
  "name": "alert-123",
  "subaccount": Object {
    "id": 123,
  },
  "threshold": 34,
}
`;
