// Jest Snapshot v1, https://goo.gl/fbAQLP

exports[`FeatureChangeContext should render acknowledgement for a change in auth 1`] = `
Object {
  "features": Array [
    Object {
      "action": <Button
        onClick={[Function]}
        size="default"
      >
        Got it
      </Button>,
      "description": "Your new plan no longer allows for single sign-on and multifactor authentication.",
      "key": "auth",
      "label": "Authentication and Security",
      "value": undefined,
    },
  ],
  "isReady": false,
  "loading": false,
}
`;
