// Jest Snapshot v1, https://goo.gl/fbAQLP

exports[`Component: Pendo should initialise Pendo 1`] = `
Array [
  Object {
    "account": Object {
      "accountCreatedAt": "2014-12-30T17:43:18.954Z",
      "id": "test_999999",
      "plan": "1meellion",
      "serviceLevel": "enterprise",
      "status": "active",
      "statusReason": undefined,
      "tenant": "test",
    },
    "visitor": Object {
      "accessLevel": "admin",
      "id": "test_999999_fredo-mcgurk",
      "release": "test-release",
    },
  },
]
`;
