// Jest Snapshot v1, https://goo.gl/fbAQLP

exports[`Form Container: Update Contact should render 1`] = `
<form>
  <Panel
    title="Update Billing Contact"
  >
    <Panel.Section>
      <Connect(BillingContactForm)
        countries={Array []}
        formName="updateContact"
      />
    </Panel.Section>
    <Panel.Section>
      <ButtonWrapper
        marginTop="0"
      >
        <Button
          type="submit"
          variant="primary"
        >
          Update Billing Contact
        </Button>
        <Button
          onClick={[MockFunction]}
          variant="secondary"
        >
          Cancel
        </Button>
      </ButtonWrapper>
    </Panel.Section>
  </Panel>
</form>
`;
