// Jest Snapshot v1, https://goo.gl/fbAQLP

exports[`Alert Details Component should render the alert details component correctly 1`] = `
<Panel>
  <Panel.Section>
    <h3
      className="Title"
    >
      Alert Details
    </h3>
    <Button
      className="Button"
      component={[Function]}
      primary={true}
      size="default"
      to="/alerts-new/edit/alert-id"
    >
      Edit
    </Button>
  </Panel.Section>
  <Panel.Section
    key="0"
  >
    <LabelledValue
      bold={true}
      label="Alert Metric:"
      value="Health Score"
    />
  </Panel.Section>
  <Panel.Section
    key="1"
  >
    <LabelledValue
      bold={false}
      label="Evaluated:"
      value={
        <React.Fragment>
          <Tag
            className="FirstTag"
          >
            Value
          </Tag>
          below
          <Tag
            className="Tags"
          >
            80
            
          </Tag>
        </React.Fragment>
      }
    />
  </Panel.Section>
  <Panel.Section
    key="2"
  >
    <LabelledValue
      bold={false}
      label="Filtered By:"
      value={
        Array [
          <span>
            Subaccounts: 
            <Tag
              className="Tags"
            >
              -1
            </Tag>
          </span>,
          <span>
            and 
            Mailbox Provider
            : 
            <Tag
              className="Tags"
            >
              Gmail
            </Tag>
          </span>,
        ]
      }
    />
  </Panel.Section>
  <Panel.Section
    key="3"
  >
    <LabelledValue
      bold={false}
      label="Notify:"
      value={
        <React.Fragment>
          <div>
            Email: 
            <Tag
              className="TagsWithIcon"
            >
              <EmailIcon
                className="Icon"
              />
              <span
                className="TagText"
              >
                Myemail@email.com
              </span>
            </Tag>
            <Tag
              className="TagsWithIcon"
            >
              <EmailIcon
                className="Icon"
              />
              <span
                className="TagText"
              >
                email@ddress.com
              </span>
            </Tag>
          </div>
          <div>
            Slack
            : 
            <Tag
              className="TagsWithIcon"
            >
              <SlackIcon
                className="Icon"
              />
              <span
                className="TagText"
              >
                https://hooks.slack.com/services/X
              </span>
            </Tag>
          </div>
          <div>
            Webhook
            : 
            <Tag
              className="TagsWithIcon"
            >
              <WebhookIcon
                className="Icon"
              />
              <span
                className="TagText"
              >
                target.com/200
              </span>
            </Tag>
          </div>
        </React.Fragment>
      }
    />
  </Panel.Section>
  <Panel.Section
    key="4"
  >
    <LabelledValue
      bold={false}
      label="Active:"
      value={
        <Connect(AlertToggle)
          id="alert-id"
          muted={false}
        />
      }
    />
  </Panel.Section>
</Panel>
`;
