// Jest Snapshot v1, https://goo.gl/fbAQLP

exports[`Variants Content Component should render help content 1`] = `
<div>
  <ContentText
    color="gray.600"
    fontSize="200"
    mt="300"
  >
    The templates you've selected will appear here, along with their results once this test concludes. Results will be updated approximately every 15 minutes.
  </ContentText>
  <ContentText
    color="gray.600"
    fontSize="200"
    mt="300"
  >
    If you need to create a new template,
     
    <PageLink
      to="/templates"
    >
      head over to the templates page
    </PageLink>
    .
  </ContentText>
</div>
`;
