// Jest Snapshot v1, https://goo.gl/fbAQLP

exports[`formatRow:  renders correctly 1`] = `
Array [
  <DisplayDate
    formattedDate="Sep 18 2019, 4:09pm"
    timestamp="2019-09-18T20:09:38.000Z"
  />,
  <React.Fragment>
    <Status
      error="validation"
      status="error"
    />
    <InfoTooltip
      content={
        <div>
          <div
            style={
              Object {
                "borderBottom": "1px solid black",
                "paddingBottom": "10px",
              }
            }
          >
            September 18, 2019
          </div>
          <div
            className="border-Accepted"
            style={
              Object {
                "height": "45px",
                "marginTop": "8px",
              }
            }
          >
            <div
              style={
                Object {
                  "padding": 0,
                  "paddingLeft": "20px",
                }
              }
            >
              Accepted
            </div>
            <div
              style={
                Object {
                  "fontSize": "25px",
                  "fontWeight": 600,
                  "padding": 0,
                  "paddingLeft": "20px",
                }
              }
            >
              1
            </div>
          </div>
          <div
            className="border-Rejected"
            style={
              Object {
                "height": "45px",
                "marginTop": "8px",
              }
            }
          >
            <div
              style={
                Object {
                  "padding": 0,
                  "paddingLeft": "20px",
                }
              }
            >
              Rejected
            </div>
            <div
              style={
                Object {
                  "fontSize": "25px",
                  "fontWeight": 600,
                  "padding": 0,
                  "paddingLeft": "20px",
                }
              }
            >
              1
            </div>
          </div>
          <div
            className="border-Duplicates"
            style={
              Object {
                "height": "45px",
                "marginTop": "8px",
              }
            }
          >
            <div
              style={
                Object {
                  "padding": 0,
                  "paddingLeft": "20px",
                }
              }
            >
              Duplicates
            </div>
            <div
              style={
                Object {
                  "fontSize": "25px",
                  "fontWeight": 600,
                  "padding": 0,
                  "paddingLeft": "20px",
                }
              }
            >
              0
            </div>
          </div>
        </div>
      }
    />
  </React.Fragment>,
  <span>
    2
  </span>,
  <span>
    8c4b19fb-07a2-42cb-84f7-3ab09a8049e0
  </span>,
]
`;
