// Jest Snapshot v1, https://goo.gl/fbAQLP

exports[`Signals Health Score legend Component renders correctly 1`] = `
<div
  className="Legend"
>
  <div
    className="danger"
    style={
      Object {
        "background": "#D1E4F4",
      }
    }
  >
    <div
      className="Desc"
    >
      0-55 Bad
    </div>
  </div>
  <div
    className="warning"
    style={
      Object {
        "background": "#91C5FD",
      }
    }
  >
    <div
      className="Desc"
    >
      55-80 Warning
    </div>
  </div>
  <div
    className="good"
    style={
      Object {
        "background": "#4194ED",
      }
    }
  >
    <div
      className="Desc"
    >
      80+ Good
    </div>
  </div>
</div>
`;
