// Jest Snapshot v1, https://goo.gl/fbAQLP

exports[`IntegrationFilter:  should render correctly 1`] = `
<Panel
  sectioned={true}
>
  <Grid>
    <Grid.Column
      md={4}
      xs={12}
    >
      <FilterDropdown
        initialSelected={Array []}
        key="true"
        label="Batch Status"
        onChange={[Function]}
        options={
          Array [
            Object {
              "label": "Success",
              "value": "success",
            },
            Object {
              "label": "Validation",
              "value": "validation",
            },
            Object {
              "label": "System",
              "value": "system",
            },
            Object {
              "label": "Decompression",
              "value": "decompress",
            },
            Object {
              "label": "Duplicates",
              "value": "duplicate_batch",
            },
            Object {
              "label": "Empty batches",
              "value": "empty_batch",
            },
          ]
        }
      />
    </Grid.Column>
    <Grid.Column
      md={8}
      xs={12}
    >
      <TextField
        defaultValue=""
        disabled={false}
        id="batchIdFilter"
        key="true"
        labelHidden={true}
        name="batchIds"
        onBlur={[Function]}
        placeholder="Filter by batch ID"
        resize="both"
        type="text"
      />
    </Grid.Column>
  </Grid>
</Panel>
`;
