// Jest Snapshot v1, https://goo.gl/fbAQLP

exports[`FullPage renders a page 1`] = `
<Fragment>
  <div
    className="FullPageNav"
  >
    <PageLink
      className="FullPageBreadcrumb"
      to="/here"
    >
      <ChevronLeft
        className="FullPageChevron"
        size={28}
      />
      <Icon
        height={28}
        width={28}
      />
      <ScreenReaderOnly>
        Back
      </ScreenReaderOnly>
    </PageLink>
    <div
      className="FullPageHeaderArea"
    >
      <h1
        className="FullPageTitle"
      >
        Test Example
      </h1>
      <div
        className="FullPagePrimaryArea"
      >
        <button>
          Click Me
        </button>
      </div>
    </div>
  </div>
  <div
    className="FullPageContents"
  >
    <div>
      children
    </div>
  </div>
</Fragment>
`;
