// Jest Snapshot v1, https://goo.gl/fbAQLP

exports[`Evaluator Fields Component renders correctly 1`] = `
<Grid
  className="Grid"
>
  <Grid.Column
    md={3}
    sm={12}
  >
    <Label>
      Evaluated
    </Label>
    <Field
      component={[Function]}
      disabled={false}
      name="source"
      onChange={[Function]}
      options={
        Array [
          Object {
            "label": "Value",
            "value": "raw",
          },
          Object {
            "label": "Week over Week",
            "value": "week_over_week",
          },
          Object {
            "label": "Day over Day",
            "value": "day_over_day",
          },
        ]
      }
    />
  </Grid.Column>
  <Grid.Column
    md={2}
    sm={12}
  >
    <Label>
      Comparison
    </Label>
    <Field
      component={[Function]}
      disabled={false}
      name="operator"
      options={
        Array [
          Object {
            "label": "Below",
            "value": "lt",
          },
          Object {
            "label": "Above",
            "value": "gt",
          },
        ]
      }
    />
  </Grid.Column>
  <Grid.Column
    id="sliderColumn"
    md={5}
    sm={12}
  >
    <div
      className="Slider"
    >
      <Label>
        Score
      </Label>
      <Slider
        defaultValue={0}
        key="5"
        max={100}
        min={0}
        onChange={[Function]}
        precision={2}
        value={50}
      />
    </div>
  </Grid.Column>
  <Grid.Column
    md={2}
    sm={12}
  >
    <Field
      align="right"
      component={[Function]}
      disabled={false}
      name="value"
      normalize={[Function]}
      onChange={[Function]}
      suffix=""
      type="number"
      validate={[Function]}
    />
  </Grid.Column>
</Grid>
`;
