// Jest Snapshot v1, https://goo.gl/fbAQLP

exports[`promoCode should render correctly 1`] = `
<TextField
  connectRight={
    <Button
      disabled={false}
      onClick={[Function]}
      size="default"
    >
      Apply
    </Button>
  }
  defaultValue=""
  disabled={false}
  error=""
  id="promo-code"
  label="Promo Code"
  name="promo"
  onChange={[Function]}
  resize="both"
  suffix={null}
  type="text"
/>
`;
