// Jest Snapshot v1, https://goo.gl/fbAQLP

exports[`ConsentBar should render correctly 1`] = `
<div
  className="CookieConsent"
>
  <div
    className="ConsentBar"
  >
    <Snackbar
      maxWidth={1200}
      onDismiss={[MockFunction]}
      status="default"
    >
      <span>
        We use cookies to optimize your experience, analyze traffic, and personalize content. To learn more, please visit our
      </span>
       
      <ExternalLink
        to="https://www.sparkpost.com/policies/privacy/"
      >
        Cookie Policy
      </ExternalLink>
      <span>
        . By using our site without disabling cookies, you consent to our use of them.
      </span>
    </Snackbar>
  </div>
</div>
`;
