// Jest Snapshot v1, https://goo.gl/fbAQLP

exports[`Page: All Inbox Placement Messages Test handles errors 1`] = `
<RedirectAndAlert
  alert={
    Object {
      "message": "You dun goofed",
      "type": "error",
    }
  }
  to="/inbox-placement/details/0"
/>
`;

exports[`Page: All Inbox Placement Messages Test renders page correctly with defaults 1`] = `
<Page
  breadcrumbAction={
    Object {
      "content": "Inbox Placement Results",
      "onClick": [Function],
    }
  }
  empty={Object {}}
  primaryArea={
    <Connect(StopTest)
      id={0}
      reload={[Function]}
    />
  }
  title="Inbox Placement"
>
  <Panel>
    <Panel.Section>
      <h3>
        Diagnostics
      </h3>
    </Panel.Section>
    <Grid>
      <Grid.Column
        md={7}
      >
        <div
          className="Divider"
        >
          <h5
            className="Title"
          >
            Deliverability
          </h5>
          <div
            className="Delivery"
          >
            <Grid
              className="Panel"
            >
              <InfoBlock
                columnProps={
                  Object {
                    "md": 3,
                  }
                }
                label="Sent"
                value={100}
              />
              <InfoBlock
                columnProps={
                  Object {
                    "md": 3,
                  }
                }
                label="Inbox"
                value={100}
              />
              <InfoBlock
                columnProps={
                  Object {
                    "md": 3,
                  }
                }
                label="Spam"
                value={0}
              />
              <InfoBlock
                columnProps={
                  Object {
                    "md": 3,
                  }
                }
                label="Missing"
                value={0}
              />
            </Grid>
          </div>
        </div>
      </Grid.Column>
      <Grid.Column
        md={5}
      >
        <div
          className="Divider"
        >
          <h5
            className="Title"
          >
            Authentication
          </h5>
          <Grid
            className="Panel"
          >
            <InfoBlock
              columnProps={
                Object {
                  "md": 4,
                }
              }
              label="SPF"
              value="100%"
            />
            <InfoBlock
              columnProps={
                Object {
                  "md": 4,
                }
              }
              label="DKIM"
              value="100%"
            />
            <InfoBlock
              columnProps={
                Object {
                  "md": 4,
                }
              }
              label="DMARC"
              value="100%"
            />
          </Grid>
        </div>
      </Grid.Column>
    </Grid>
  </Panel>
  <Panel
    title="Seed Diagnostics"
  >
    <AllMessagesCollectiom />
  </Panel>
</Page>
`;
