// Jest Snapshot v1, https://goo.gl/fbAQLP

exports[`Page: Single Inbox Placement Test handles errors 1`] = `
<RedirectAndAlert
  alert={
    Object {
      "message": "You dun goofed",
      "type": "error",
    }
  }
  to="/inbox-placement"
/>
`;

exports[`Page: Single Inbox Placement Test renders page correctly with defaults 1`] = `
<Page
  empty={Object {}}
  title="Inbox Placement | Results"
>
  <Tabs
    color="orange"
    connectBelow={true}
    selected={0}
    tabs={
      Array [
        Object {
          "content": "Details",
          "key": "details",
        },
        Object {
          "content": "Content",
          "key": "content",
        },
      ]
    }
  />
  <TestDetails />
</Page>
`;
