// Jest Snapshot v1, https://goo.gl/fbAQLP

exports[`Component: FolderPlacementBarChart renders correct with data 1`] = `
<ResponsiveContainer
  debounce={0}
  height={200}
  width="99%"
>
  <BarChart
    barCategoryGap="10%"
    barGap={4}
    data={
      Array [
        Object {
          "color": "#28bd8b",
          "name": "Inbox",
          "value": 90.5,
        },
        Object {
          "color": "#d9363e",
          "name": "Spam",
          "value": 55.00000000000001,
        },
        Object {
          "color": "#ffda00",
          "name": "Missing",
          "value": 40,
        },
      ]
    }
    layout="vertical"
    margin={
      Object {
        "left": 20,
        "right": 50,
      }
    }
    reverseStackOrder={false}
    stackOffset="none"
  >
    <XAxis
      allowDataOverflow={false}
      allowDecimals={true}
      allowDuplicatedCategory={true}
      axisLine={false}
      domain={
        Array [
          0,
          "auto",
        ]
      }
      height={30}
      hide={false}
      mirror={false}
      orientation="bottom"
      padding={
        Object {
          "left": 0,
          "right": 0,
        }
      }
      reversed={false}
      scale="auto"
      tick={false}
      tickCount={5}
      type="number"
      width={0}
      xAxisId={0}
    />
    <YAxis
      allowDataOverflow={false}
      allowDecimals={true}
      allowDuplicatedCategory={true}
      axisLine={false}
      dataKey="name"
      domain={
        Array [
          0,
          "auto",
        ]
      }
      height={0}
      hide={false}
      mirror={false}
      orientation="left"
      padding={
        Object {
          "bottom": 0,
          "top": 0,
        }
      }
      reversed={false}
      scale="auto"
      tick={[Function]}
      tickCount={5}
      tickLine={false}
      type="category"
      width={60}
      yAxisId={0}
    />
    <Bar
      animationBegin={0}
      animationDuration={400}
      animationEasing="ease"
      background={
        Object {
          "fill": "#f5f8fa",
        }
      }
      barSize={35}
      data={Array []}
      dataKey="value"
      hide={false}
      isAnimationActive={false}
      layout="vertical"
      legendType="rect"
      minPointSize={0}
      onAnimationEnd={[Function]}
      onAnimationStart={[Function]}
      xAxisId={0}
      yAxisId={0}
    >
      <Cell
        fill="#28bd8b"
        key="0"
      />
      <Cell
        fill="#d9363e"
        key="1"
      />
      <Cell
        fill="#ffda00"
        key="2"
      />
      <LabelList
        fill="#39444d"
        formatter={[Function]}
        position="right"
        valueAccessor={[Function]}
      />
    </Bar>
  </BarChart>
</ResponsiveContainer>
`;
