// Jest Snapshot v1, https://goo.gl/fbAQLP

exports[`Component: TestDetails renders correctly 1`] = `
<Fragment>
  <Panel>
    <Panel.Section>
      <Grid>
        <Grid.Column
          md={6}
          sm={6}
          xs={12}
        >
          <Bold>
            Subject Line
          </Bold>
          <div>
            Fooo
          </div>
        </Grid.Column>
        <Grid.Column
          md={6}
          sm={6}
          xs={12}
        >
          <Bold>
            From
          </Bold>
          <div />
        </Grid.Column>
      </Grid>
    </Panel.Section>
    <Panel.Section>
      <Grid>
        <Grid.Column
          md={4}
          sm={4}
          xs={12}
        >
          <Bold>
            Started
          </Bold>
          <div>
            Jul 8th 2019 11:49am
          </div>
        </Grid.Column>
        <Grid.Column
          md={4}
          sm={4}
          xs={12}
        >
          <Bold>
            Finished
          </Bold>
          <div>
            <Tag
              className="StatusTag"
            />
          </div>
        </Grid.Column>
      </Grid>
    </Panel.Section>
    <Panel.Section>
      <Bold>
        Test Name
      </Bold>
      <p>
        Baz
      </p>
    </Panel.Section>
  </Panel>
  <div
    className="FolderAuthenticationPanels"
  >
    <Panel
      className="FolderAuthenticationPanel"
      sectioned={true}
      title="Folder Placement"
    >
      <FolderPlacementBarChart
        placements={Object {}}
      />
    </Panel>
    <Panel
      className="FolderAuthenticationPanel"
      sectioned={true}
      title="Authentication"
    >
      <AuthenticationResults />
    </Panel>
  </div>
  <Panel
    title="Placement Breakdown"
  >
    <Panel.Section>
      <div
        className="BreakdownFilters"
      >
        <Select
          data-id="select-placement-type"
          id="select-placement-type"
          label="Breakdown by"
          onChange={[Function]}
          options={
            Array [
              Object {
                "label": "Mailbox Provider",
                "value": "mailbox-provider",
              },
              Object {
                "label": "Region",
                "value": "region",
              },
              Object {
                "label": "Sending IP",
                "value": "sending-ip",
              },
            ]
          }
        />
        <TextField
          data-id="text-field-placement-search"
          id="textfield-placement-search"
          label="Filter"
          onChange={[Function]}
          placeholder="Mailbox Provider or Region"
          suffix={<Search />}
        />
      </div>
    </Panel.Section>
    <PlacementBreakdown
      data={Array []}
      data-id="placement-breakdown-table"
      type="mailbox-provider"
    />
  </Panel>
  <OGOnlyWrapper
    as="div"
    className="ClearSection"
  />
  <Panel
    sectioned={true}
    title="Time to Receive Mail"
  >
    <TimeToReceiveSection />
  </Panel>
</Fragment>
`;
