// Jest Snapshot v1, https://goo.gl/fbAQLP

exports[`Signals Spam Trap Dashboard Dashboard renders page 1`] = `
<SignalsPage
  primaryArea={
    <React.Fragment>
      <Connect(Connect(SubaccountFilter)) />
      <Connect(DateFilter) />
      <Connect(FacetFilter) />
    </React.Fragment>
  }
  title="Spam Trap Monitoring"
>
  <Connect(withRouter(Connect(SpamTrapOverview))) />
</SignalsPage>
`;
