// Jest Snapshot v1, https://goo.gl/fbAQLP

exports[`Group By Option should render correctly with both selector and checkbox 1`] = `
<Grid>
  <Grid.Column
    lg={4}
    md={5}
    xs={12}
  >
    <Select
      disabled={false}
      label="Break Down By"
      onChange={[Function]}
      options={
        Array [
          Object {
            "label": "Recipient Domain",
            "value": "watched-domain",
          },
          Object {
            "label": "Sending Domain",
            "value": "sending-domain",
          },
          Object {
            "label": "Campaign",
            "value": "campaign",
          },
          Object {
            "label": "Template",
            "value": "template",
          },
          Object {
            "label": "Sending IP",
            "value": "sending-ip",
          },
          Object {
            "label": "IP Pool",
            "value": "ip-pool",
          },
        ]
      }
      placeholder="Select Resource"
      placeholderValue="placeholder"
      value="watched-domain"
    />
  </Grid.Column>
  <Grid.Column
    lg={3}
    lgOffset={5}
    md={4}
    mdOffset={3}
    xs={12}
  >
    <Box
      className="TopDomainsCheckbox"
      marginTop="500"
    >
      <Checkbox
        checked={true}
        disabled={false}
        id="watchedDomains"
        label="Top Domains Only"
        onChange={[Function]}
      />
    </Box>
  </Grid.Column>
</Grid>
`;
