// Jest Snapshot v1, https://goo.gl/fbAQLP

exports[`ListForm renders correctly 1`] = `
<Panel.Section>
  <form>
    <Field
      component={[Function]}
      name="csv"
      validate={
        Array [
          [Function],
          [Function],
        ]
      }
    />
  </form>
</Panel.Section>
`;

exports[`ListForm should submit csv 1`] = `
Array [
  Array [
    Object {
      "message": "Recipients Uploaded",
      "type": "success",
    },
  ],
]
`;
