// Jest Snapshot v1, https://goo.gl/fbAQLP

exports[`UploadedListForm should render correctly 1`] = `
<div
  className="formContainer"
>
  <h2>
    big-test.csv
  </h2>
  <p
    className="descriptionParagraph"
  >
    <span>
      Your list has been uploaded successfully and the cost to validate is below. 
    </span>
    <strong>
      Would you like to proceed?
    </strong>
  </p>
  <Grid>
    <Grid.Column
      md={4}
      xs={12}
    >
      <div>
        Your list has
      </div>
      <div
        className="CountBox"
      >
        <span
          className="Number"
          data-id="recipient-list-address-count"
        >
          123
        </span>
         
        emails
      </div>
    </Grid.Column>
    <Grid.Column
      md={7}
      mdOffset={1}
      xs={12}
    >
      <div>
        and will cost
      </div>
      <div
        className="Cost"
      >
        $0.74
      </div>
      <UnstyledLink
        onClick={[Function]}
      >
        How was this calculated?
      </UnstyledLink>
    </Grid.Column>
  </Grid>
  <RVPriceModal
    handleOpen={[Function]}
    isOpen={false}
  />
</div>
`;
