// Jest Snapshot v1, https://goo.gl/fbAQLP

exports[`Uploaded List Form should render correctly 1`] = `
<div
  style={
    Object {
      "padding": "12px",
    }
  }
>
  <p
    className="descriptionParagraph"
  >
    <span>
      Your list has been uploaded successfully and the cost to validate is below. 
    </span>
    <strong>
      Would you like to proceed?
    </strong>
  </p>
  <Grid>
    <Grid.Column
      md={4}
      xs={12}
    >
      <div>
        Your list has
      </div>
      <div
        className="CountBox"
      >
        <span
          className="Number"
        >
          123
        </span>
         emails
      </div>
    </Grid.Column>
    <Grid.Column
      md={7}
      mdOffset={1}
      xs={12}
    >
      <div>
        and will cost
      </div>
      <div
        className="Cost"
      >
        $0.74
      </div>
      <UnstyledLink
        onClick={[Function]}
      >
        How was this calculated?
      </UnstyledLink>
    </Grid.Column>
  </Grid>
  <div
    className="ButtonRow"
  >
    <Button
      className="ActionButton"
      color="orange"
      onClick={[MockFunction]}
      size="default"
    >
      Validate
    </Button>
    <Button
      className="ActionButton"
      component={[Function]}
      outline={true}
      size="default"
      to="/recipient-validation"
    >
      No, thanks
    </Button>
  </div>
  <Modal
    onClose={[Function]}
    open={false}
  >
    <Panel
      accent={true}
      className="modalContainer"
    >
      <div
        style={
          Object {
            "float": "right",
          }
        }
      >
        <Button
          flat={true}
          onClick={[Function]}
          size="default"
        >
          <Close />
        </Button>
      </div>
      <div
        className="bodyContainer"
      >
        <h3>
          How was this calculated?
        </h3>
        <RecipientValidationPriceTable
          cellProps={
            Object {
              "style": Object {
                "padding": "8px 0",
              },
            }
          }
        />
      </div>
    </Panel>
  </Modal>
</div>
`;
