// Jest Snapshot v1, https://goo.gl/fbAQLP

exports[`SetupInstructionPanel renders panel and children 1`] = `
<Panel
  actions={
    Array [
      Object {
        "color": "orange",
        "content": "Verify CNAME Record",
        "disabled": false,
        "id": "my-verify-button",
        "onClick": undefined,
      },
    ]
  }
  title={
    <div
      className="Title"
    >
      <span>
        DNS Settings
      </span>
      <span
        className="TitleIcon"
      >
        <ErrorIcon />
      </span>
    </div>
  }
>
  <Box
    as="hr"
    mt="400"
  />
  <Panel.Section>
    <p>
      enter panel contents here...
    </p>
  </Panel.Section>
</Panel>
`;
