// Jest Snapshot v1, https://goo.gl/fbAQLP

exports[`Component: MessageEventsSearch renders correctly 1`] = `
<Panel>
  <Panel.Section>
    <div
      className="Filters"
    >
      <div
        className="DateFilter"
      >
        <AppDatePicker
          dateFieldFormat="MMM Do h:mma"
          datePickerProps={
            Object {
              "canChangeMonth": false,
              "disabledDays": Object {
                "after": 2018-02-15T12:00:00.000Z,
                "before": 2018-02-05T12:00:00.000Z,
              },
            }
          }
          disabled={false}
          from={2018-02-15T12:00:00.000Z}
          onChange={
            [MockFunction] {
              "calls": Array [
                Array [
                  Object {
                    "relativeRange": undefined,
                  },
                ],
              ],
              "results": undefined,
            }
          }
          preventFuture={true}
          relativeDateOptions={
            Array [
              "hour",
              "day",
              "7days",
              "10days",
              "custom",
            ]
          }
          roundToPrecision={false}
          to={2018-02-15T12:00:00.000Z}
        />
      </div>
      <div
        className="RecipientFilter"
      >
        <TextField
          error={null}
          labelHidden={true}
          onBlur={[Function]}
          onFocus={[Function]}
          onKeyDown={[Function]}
          placeholder="Filter by recipient email address"
          resize="both"
          type="text"
        />
      </div>
      <div>
        <Connect(AdvancedFiltersModal) />
      </div>
      <div>
        <withRouter(Connect(ShareModal))
          disabled={false}
          searchOptions={Object {}}
        />
      </div>
    </div>
  </Panel.Section>
  <Connect(ActiveFilters) />
</Panel>
`;
