// Jest Snapshot v1, https://goo.gl/fbAQLP

exports[`CreatePage renders correctly 1`] = `
<Page
  breadcrumbAction={
    Object {
      "Component": [Function],
      "content": "View All Templates",
      "to": "/templates",
    }
  }
  title="Create Template"
>
  <form
    onSubmit={[Function]}
  >
    <Panel>
      <Panel.Section>
        <TemplateCreateForm />
        <ButtonWrapper>
          <Button
            disabled={true}
            type="submit"
            variant="primary"
          >
            Create and View
          </Button>
          <PageLink
            as={[Function]}
            to="/templates"
            variant="secondary"
          >
            Cancel
          </PageLink>
        </ButtonWrapper>
      </Panel.Section>
    </Panel>
  </form>
</Page>
`;
