// Jest Snapshot v1, https://goo.gl/fbAQLP

exports[`EditPage displays custom instructions in unsaved changes modal when form is invalid 1`] = `
<div>
  <p>
    The following fields have unsaved changes or errors.  Return to the previous
                  screen to keep editing or all changes will be lost. How would you like to
                  proceed?"
  </p>
  <ul />
</div>
`;

exports[`EditPage opens unsaved changes action modal and displays list of dirty fields 1`] = `
<div>
  <p>
    Your changes to the following field(s) will be lost if you do not save them.
                  How would you like to proceed?
  </p>
  <ul>
    <li>
      HTML Content
    </li>
    <li>
      Text Content
    </li>
  </ul>
</div>
`;

exports[`EditPage renders a page 1`] = `
<Page
  breadcrumbAction={
    Object {
      "component": [Function],
      "content": "Templates",
      "to": "/templates",
    }
  }
  empty={Object {}}
  secondaryActions={
    Array [
      Object {
        "content": "View Published",
        "disabled": undefined,
        "onClick": [Function],
        "visible": undefined,
      },
      Object {
        "content": "Save as Draft",
        "disabled": undefined,
        "onClick": [Function],
        "visible": undefined,
      },
      Object {
        "content": "Delete",
        "disabled": undefined,
        "onClick": [Function],
        "visible": undefined,
      },
      Object {
        "content": "Duplicate",
        "disabled": undefined,
        "onClick": [Function],
        "visible": undefined,
      },
      Object {
        "content": "Preview",
        "disabled": undefined,
        "onClick": [Function],
        "visible": true,
      },
    ]
  }
  title="test-template (Draft)"
>
  <Grid>
    <Grid.Column
      lg={4}
      xs={12}
    >
      <Connect(Form)
        readOnly={true}
        subaccountId={123}
      />
    </Grid.Column>
    <Grid.Column
      lg={8}
      xs={12}
    >
      <ContentEditor
        readOnly={true}
      />
    </Grid.Column>
  </Grid>
  <DeleteModal
    content={
      <p>
        Both the draft and published versions of this template will be deleted.
      </p>
    }
    onCancel={[Function]}
    onDelete={[Function]}
    open={false}
    title="Are you sure you want to delete this template?"
  />
  <ActionsModal
    actions={
      Array [
        Object {
          "content": "Save as Draft and Continue",
          "onClick": [Function],
          "primary": true,
          "visible": true,
        },
        Object {
          "content": "Continue Without Saving",
          "destructive": true,
          "onClick": [Function],
          "visible": true,
        },
      ]
    }
    content={
      <div>
        <p>
          Your changes to the following field(s) will be lost if you do not save them.
                  How would you like to proceed?
        </p>
        <ul />
      </div>
    }
    isOpen={false}
    onCancel={[Function]}
    title="Are you sure you want to leave the page?"
  />
</Page>
`;
