// Jest Snapshot v1, https://goo.gl/fbAQLP

exports[`Webhooks: create on master account 1`] = `
Array [
  Array [
    Object {
      "data": undefined,
      "headers": Object {
        "Authorization": "mock-access-token",
      },
      "method": "get",
      "params": undefined,
      "responseType": "json",
      "url": "/v1/webhooks/events/documentation",
    },
  ],
  Array [
    Object {
      "data": Object {
        "events": Array [
          "ab_test_completed",
          "bounce",
          "click",
          "delay",
          "delivery",
          "generation_failure",
          "generation_rejection",
          "initial_open",
          "injection",
          "link_unsubscribe",
          "list_unsubscribe",
          "open",
          "out_of_band",
          "policy_rejection",
          "relay_delivery",
          "relay_injection",
          "relay_permfail",
          "relay_rejection",
          "relay_tempfail",
          "sms_status",
          "spam_complaint",
        ],
        "name": "Webhook Test Name",
        "target": "https://target.webhooks.com/status/200",
      },
      "headers": Object {
        "Authorization": "mock-access-token",
        "x-msys-subaccount": 0,
      },
      "method": "post",
      "params": undefined,
      "responseType": "json",
      "url": "/v1/webhooks",
    },
  ],
  Array [
    Object {
      "data": undefined,
      "headers": Object {
        "Authorization": "mock-access-token",
        "x-msys-subaccount": "0",
      },
      "method": "get",
      "params": undefined,
      "responseType": "json",
      "url": "/v1/webhooks/webhook-test-name",
    },
  ],
]
`;
