// Jest Snapshot v1, https://goo.gl/fbAQLP

exports[`Save CSV Button should not show save as CSV button when false 1`] = `""`;

exports[`Save CSV Button should render 1`] = `
<DownloadLink
  as={[Function]}
  download="sparkpost-csv-1512509841.csv"
  href="data:text/csv;charset=utf-8,mydata"
>
  Save As CSV
</DownloadLink>
`;
