// Jest Snapshot v1, https://goo.gl/fbAQLP

exports[`SingleResult renders correctly when result is unknown 1`] = `
<Route
  render={[Function]}
/>
`;

exports[`SingleResult renders correctly when risky 1`] = `
<Route
  render={[Function]}
/>
`;

exports[`SingleResult renders correctly when undeliverable 1`] = `
<Route
  render={[Function]}
/>
`;

exports[`SingleResult renders correctly when valid 1`] = `
<Route
  render={[Function]}
/>
`;

exports[`SingleResult should redirect if no results 1`] = `
<Route
  render={[Function]}
/>
`;
