// Jest Snapshot v1, https://goo.gl/fbAQLP

exports[`PreviewPanel renders blank panel 1`] = `
<div
  className="PreviewPanel notranslate"
>
  <Tabs
    color="orange"
    connectBelow={true}
    selected={0}
    tabs={
      Array [
        Object {
          "content": "HTML",
          "key": "html",
        },
        Object {
          "content": "Text",
          "key": "text",
        },
        Object {
          "content": "AMP HTML",
          "key": "ampHtml",
        },
      ]
    }
  />
  <div
    className="PreviewPanelWrapper"
  >
    <PreviewFrame
      content=""
      key="html"
      strict={true}
    />
  </div>
</div>
`;
