// Jest Snapshot v1, https://goo.gl/fbAQLP

exports[`DraftModeActions renders draft actions 1`] = `
<Button.Group>
  <SaveAndPublish
    className="Actions"
    onClick={[Function]}
  >
    <strong>
      Save and Publish
    </strong>
  </SaveAndPublish>
  <div
    className="Actions"
  >
    <Popover
      bottom={true}
      left={true}
      onClose={[Function]}
      open={false}
      right={true}
      trigger={
        <Button
          aria-expanded="false"
          onClick={[Function]}
          size="default"
        >
          <ArrowDropDown />
          <ScreenReaderOnly>
            Open Menu
          </ScreenReaderOnly>
        </Button>
      }
    >
      <div
        className="ActionsBody"
      >
        <SaveAndPublish
          className="ActionItem"
          onClick={[Function]}
        />
        <SaveDraft
          className="ActionItem"
          onClick={[Function]}
        />
        <hr
          className="Divider"
        />
        <_default
          className="ActionItem"
        />
        <DuplicateTemplate
          className="ActionItem"
          onClick={[Function]}
        />
        <DeleteTemplate
          className="ActionItem"
          onClick={[Function]}
        />
      </div>
    </Popover>
    <DuplicateTemplateModal
      onClose={[Function]}
      open={false}
      template={
        Object {
          "id": "a-random-id-123",
          "subaccount_id": "some-subaccount-id",
        }
      }
    />
    <DeleteTemplateModal
      onCancel={[Function]}
      open={false}
    />
    <SaveAndPublishConfirmationModal
      onCancel={[Function]}
      open={false}
    />
  </div>
</Button.Group>
`;
