// Jest Snapshot v1, https://goo.gl/fbAQLP

exports[`Component: RoleRadioGroup should clear subaccount checkbox when selecting admin role 1`] = `
Array [
  "userInviteForm",
  false,
  false,
  "useSubaccount",
  "subaccount",
]
`;

exports[`Component: RoleRadioGroup should render the RadioGroup 1`] = `
<RadioGroup
  allowSubaccountAssignment={false}
  allowSuperUser={false}
  clearFields={[MockFunction]}
  grid={
    Object {
      "md": 6,
      "sm": 12,
      "xs": 12,
    }
  }
  hasSubaccounts={false}
  options={
    Array [
      Object {
        "disabled": false,
        "helpText": "Has access to all features, including the ability to invite additional users.",
        "label": <strong>
          Admin
        </strong>,
        "value": "admin",
      },
      Object {
        "children": false,
        "disabled": false,
        "helpText": "Has access to reporting and read-only access to templates.",
        "label": <strong>
          Reporting
        </strong>,
        "value": "reporting",
      },
    ]
  }
  selectedRole="admin"
  title="Role"
  useSubaccountChecked={false}
/>
`;
