// Jest Snapshot v1, https://goo.gl/fbAQLP

exports[`Component: User renders name & email & username link 1`] = `
<Fragment>
  <div
    className="Name"
  >
    <PageLink
      to="/account/users/edit/foo-bar"
    >
      <OGOnlyWrapper
        as="strong"
      >
        foo bar
      </OGOnlyWrapper>
    </PageLink>
  </div>
  <div
    className="Email"
  >
    <OGOnlyWrapper
      as="em"
    >
      foo@bar.com
    </OGOnlyWrapper>
  </div>
</Fragment>
`;
