// Jest Snapshot v1, https://goo.gl/fbAQLP

exports[`Login flow: incorrect credentials 1`] = `
Array [
  Array [
    Object {
      "data": "grant_type=password&username=incorrect-username&password=incorrect-password&rememberMe=false",
      "headers": Object {
        "Authorization": "Basic bXN5c1dlYlVJOmZhODZkNzJlLTYyODctNDUxMy1hZTdmLWVjOGM4ZmEwZDc2Ng==",
        "Content-Type": "application/x-www-form-urlencoded",
      },
      "method": "POST",
      "url": "/v1/authenticate",
    },
  ],
]
`;
