// Jest Snapshot v1, https://goo.gl/fbAQLP

exports[`Single sign-on flow: non SSO user 1`] = `
Array [
  Array [
    Object {
      "data": undefined,
      "headers": undefined,
      "method": "get",
      "params": undefined,
      "responseType": "json",
      "url": "/v1/users/test-username/saml",
    },
  ],
]
`;
