// Jest Snapshot v1, https://goo.gl/fbAQLP

exports[`ActionsModal renders hidden modal 1`] = `
<Modal>
  <Panel
    accent={true}
    title="Modal Title"
  >
    <Panel.Section>
      Modal Content
    </Panel.Section>
    <Panel.Section>
      <div
        className="Buttons"
      >
        <div>
          <Button
            className="ActionButton"
            key="0"
            name="action-modal-button"
            onClick={[Function]}
            primary={true}
            size="default"
          >
            Do It
          </Button>
        </div>
      </div>
    </Panel.Section>
  </Panel>
</Modal>
`;
