// Jest Snapshot v1, https://goo.gl/fbAQLP

exports[`IncidentsPage renders page correctly 1`] = `
<Page
  empty={
    Object {
      "content": <p>
        Lorem Ipsum
      </p>,
      "image": [Function],
      "primaryAction": Object {
        "component": [Function],
        "content": "Add to Watch List",
        "to": "/blacklist",
      },
      "show": false,
      "title": "Blacklist Reports",
    }
  }
  primaryAction={
    Object {
      "component": [Function],
      "content": "View Watch List",
      "to": "/blacklist",
    }
  }
  title="Blacklist Incidents"
>
  <IncidentsCollection
    incidents={
      Array [
        Object {
          "blacklist_code": "spammy mcspamface",
          "id": 1,
          "occurred_at_formatted": "Dec 3 2019 at 10:00am",
          "occurred_at_timestamp": 123456789,
          "resource": "101.101",
        },
      ]
    }
  />
</Page>
`;
