// Jest Snapshot v1, https://goo.gl/fbAQLP

exports[`IncidentDetailsPage renders the 3 panels once data has come back 1`] = `
<IncidentDetailsPage
  getIncident={
    [MockFunction] {
      "calls": Array [
        Array [
          "123",
        ],
      ],
      "results": undefined,
    }
  }
  historicalIncidents={
    Array [
      Object {
        "blacklist_name": "spamhaus.org - pbl",
        "id": "1234",
        "occurred_at": "2019-12-31T18:14:57.899Z",
        "resolved_at": "2019-12-31T19:01:32.741Z",
        "resource": "1.2.3.4",
        "status": "resolved",
      },
    ]
  }
  id="123"
  incident={
    Object {
      "blacklist_name": "spamhaus.org - pbl",
      "id": "123",
      "occurred_at": "2019-12-31T18:14:57.899Z",
      "resolved_at": "2019-12-31T19:01:32.741Z",
      "resource": "1.2.3.4",
      "status": "resolved",
    }
  }
  incidentsForBlacklist={
    Array [
      Object {
        "blacklist_name": "spamhaus.org - pbl",
        "id": "2345",
        "occurred_at": "2019-12-31T18:14:57.899Z",
        "resolved_at": "2019-12-31T19:01:32.741Z",
        "resource": "2.3.4.5",
        "status": "resolved",
      },
    ]
  }
  incidentsForResource={
    Array [
      Object {
        "blacklist_name": "spamhaus.org 2",
        "id": "1234",
        "occurred_at": "2019-12-31T18:14:57.899Z",
        "resolved_at": "2019-12-31T19:01:32.741Z",
        "resource": "1.2.3.4",
        "status": "resolved",
      },
    ]
  }
  listHistoricalResolvedIncidents={[MockFunction]}
  listIncidentsForBlacklist={[MockFunction]}
  listIncidentsForResource={[MockFunction]}
  loading={false}
>
  <Page
    breadcrumbAction={
      Object {
        "component": [MockFunction] {
          "calls": Array [
            Array [
              Object {
                "children": Array [
                  <ChevronLeft
                    size={27}
                  />,
                  "Blacklist Incidents",
                ],
                "className": "I3_JG",
                "replace": false,
                "to": "/blacklist/incidents",
              },
              Object {
                "router": undefined,
              },
            ],
          ],
          "results": undefined,
        },
        "content": "Blacklist Incidents",
        "to": "/blacklist/incidents",
      }
    }
    empty={Object {}}
    title="Blacklist Incident | 1.2.3.4 | spamhaus.org - pbl"
  >
    <div>
      <div
        className="I3_I5"
      >
        <div>
          <Breadcrumb
            className="I3_JG"
            component={
              [MockFunction] {
                "calls": Array [
                  Array [
                    Object {
                      "children": Array [
                        <ChevronLeft
                          size={27}
                        />,
                        "Blacklist Incidents",
                      ],
                      "className": "I3_JG",
                      "replace": false,
                      "to": "/blacklist/incidents",
                    },
                    Object {
                      "router": undefined,
                    },
                  ],
                ],
                "results": undefined,
              }
            }
            content="Blacklist Incidents"
            to="/blacklist/incidents"
          >
            <UnstyledLink
              className="I3_JG"
              component={
                [MockFunction] {
                  "calls": Array [
                    Array [
                      Object {
                        "children": Array [
                          <ChevronLeft
                            size={27}
                          />,
                          "Blacklist Incidents",
                        ],
                        "className": "I3_JG",
                        "replace": false,
                        "to": "/blacklist/incidents",
                      },
                      Object {
                        "router": undefined,
                      },
                    ],
                  ],
                  "results": undefined,
                }
              }
              to="/blacklist/incidents"
            >
              <Link
                className="I3_JG"
                replace={false}
                to="/blacklist/incidents"
              />
            </UnstyledLink>
          </Breadcrumb>
        </div>
        <div
          className="I3_I7"
        >
          <h1
            className="I3_h"
          >
            Blacklist Incident | 1.2.3.4 | spamhaus.org - pbl
          </h1>
          <div
            className="I3_JB"
          />
        </div>
        <div
          className="I3_JE"
        />
      </div>
      <Panel
        sectioned={true}
      >
        <div
          className="Jh_Jj"
        >
          <Panel.Section>
            <div
              className="Jh_J3"
            >
              <div
                className="Jh_J7"
              >
                <$default
                  blacklistName="spamhaus.org - pbl"
                  historicalIncidents={
                    Array [
                      Object {
                        "blacklist_name": "spamhaus.org - pbl",
                        "id": "1234",
                        "occurred_at": "2019-12-31T18:14:57.899Z",
                        "resolved_at": "2019-12-31T19:01:32.741Z",
                        "resource": "1.2.3.4",
                        "status": "resolved",
                      },
                    ]
                  }
                  resourceName="1.2.3.4"
                >
                  <div
                    data-id="incident-details"
                  />
                </$default>
              </div>
            </div>
          </Panel.Section>
        </div>
      </Panel>
      <Grid>
        <div
          className="CQ_CS"
        >
          <Grid.Column
            lg={6}
            xs={12}
          >
            <div
              className="CQ_Ep CQ_Fa CQ_Ha"
            >
              <Panel>
                <div
                  className="Jh_Jj"
                >
                  <$default
                    header="Recent spamhaus.org - pbl Incidents"
                    incident={
                      Object {
                        "blacklist_name": "spamhaus.org - pbl",
                        "id": "123",
                        "occurred_at": "2019-12-31T18:14:57.899Z",
                        "resolved_at": "2019-12-31T19:01:32.741Z",
                        "resource": "1.2.3.4",
                        "status": "resolved",
                      }
                    }
                    incidents={
                      Array [
                        Object {
                          "blacklist_name": "spamhaus.org - pbl",
                          "id": "2345",
                          "occurred_at": "2019-12-31T18:14:57.899Z",
                          "resolved_at": "2019-12-31T19:01:32.741Z",
                          "resource": "2.3.4.5",
                          "status": "resolved",
                        },
                      ]
                    }
                    type="blacklist"
                  >
                    <div
                      data-id="related-incidents"
                    >
                       
                    </div>
                  </$default>
                </div>
              </Panel>
            </div>
          </Grid.Column>
          <Grid.Column
            lg={6}
            xs={12}
          >
            <div
              className="CQ_Ep CQ_Fa CQ_Ha"
            >
              <Panel>
                <div
                  className="Jh_Jj"
                >
                  <$default
                    header="Recent 1.2.3.4 Incidents"
                    incident={
                      Object {
                        "blacklist_name": "spamhaus.org - pbl",
                        "id": "123",
                        "occurred_at": "2019-12-31T18:14:57.899Z",
                        "resolved_at": "2019-12-31T19:01:32.741Z",
                        "resource": "1.2.3.4",
                        "status": "resolved",
                      }
                    }
                    incidents={
                      Array [
                        Object {
                          "blacklist_name": "spamhaus.org 2",
                          "id": "1234",
                          "occurred_at": "2019-12-31T18:14:57.899Z",
                          "resolved_at": "2019-12-31T19:01:32.741Z",
                          "resource": "1.2.3.4",
                          "status": "resolved",
                        },
                      ]
                    }
                  >
                    <div
                      data-id="related-incidents"
                    >
                       
                    </div>
                  </$default>
                </div>
              </Panel>
            </div>
          </Grid.Column>
        </div>
      </Grid>
    </div>
  </Page>
</IncidentDetailsPage>
`;
