// Jest Snapshot v1, https://goo.gl/fbAQLP

exports[`formats subaccount with alert_metric signals_health_wow 1`] = `
Object {
  "alert_metric": "signals_health_wow",
  "alert_subaccount": 623,
  "assignTo": "subaccount",
  "criteria_metric": "wow",
  "email_addresses": Array [
    "sparky@sparkpost.com",
    "test@foo.com",
  ],
  "enabled": true,
  "facet_name": "ip_pool",
  "facet_value": "abc",
  "id": "19447300-3b8b-11e9-b749-6d43cdcd6095",
  "name": "JimAlertSignalsThresh",
  "subaccount": Object {
    "compliance_status": "active",
    "customer_id": 101,
    "id": 623,
    "ip_pool": "smoke_test_dele_8055",
    "name": "bob without key",
    "status": "active",
  },
  "threshold": Object {
    "error": Object {
      "comparator": "gt",
      "target": 54,
    },
  },
}
`;
