// Jest Snapshot v1, https://goo.gl/fbAQLP

exports[`Component: EnableTfaForm should show form after loading 1`] = `
<form
  onSubmit={[Function]}
>
  <Panel.Section>
    <Stack
      space="600"
    >
      <Grid>
        <Grid.Column
          md={7}
          xs={12}
        >
          <Stack>
            <h6>
              Step 1: Configure your 2FA app
            </h6>
            <p>
              To enable 2FA, you'll need to have a 2FA auth app installed on your phone or tablet (examples include Google Authenticator, Duo Mobile, and Authy).
            </p>
            <p>
              Most apps will let you get set up by scanning our QR code from within the app. If you prefer, you can type in the key manually.
            </p>
            <p>
              <strong>
                <VpnKey />
                 
                <code>
                  sauce
                </code>
              </strong>
            </p>
          </Stack>
        </Grid.Column>
        <Grid.Column
          md={5}
          style={
            Object {
              "textAlign": "center",
            }
          }
          xs={12}
        >
          <QRCode
            bgColor="#FFFFFF"
            fgColor="#000000"
            level="Q"
            style={
              Object {
                "width": 230,
              }
            }
            value="otpauth://totp/kevin-mitnick?secret=sauce&issuer=SparkPost"
          />
        </Grid.Column>
      </Grid>
      <Grid>
        <Grid.Column
          md={7}
          xs={12}
        >
          <Stack>
            <h6>
              Step 2: Enter a 2FA code
            </h6>
            <p>
              Generate a code from your newly-activated 2FA app to confirm that you're all set up.
            </p>
            <TextField
              data-lpignore={true}
              error=""
              id="tfa-setup-passcode"
              label="Passcode"
              onChange={[Function]}
              placeholder="Enter a generated 2FA passcode"
              required={true}
              value=""
            />
          </Stack>
        </Grid.Column>
      </Grid>
    </Stack>
  </Panel.Section>
  <Panel.Section>
    <ButtonWrapper>
      <Button
        disabled={false}
        onClick={[Function]}
        type="submit"
        variant="primary"
      >
        Enable 2FA
      </Button>
      <Button
        disabled={false}
        onClick={[MockFunction]}
        variant="secondary"
      >
        Cancel
      </Button>
    </ButtonWrapper>
  </Panel.Section>
</form>
`;
